[26-Mar-2025 23:58:41 Asia/Shanghai] PHP Notice:  Constant IN_CHAT already defined in D:\phpstudy_pro\WWW\config.php on line 86
[26-Mar-2025 23:58:47 Asia/Shanghai] PHP Notice:  Constant IN_CHAT already defined in D:\phpstudy_pro\WWW\config.php on line 86
[26-Mar-2025 23:58:48 Asia/Shanghai] PHP Notice:  Constant IN_CHAT already defined in D:\phpstudy_pro\WWW\config.php on line 86
[26-Mar-2025 23:58:50 Asia/Shanghai] PHP Notice:  Constant IN_CHAT already defined in D:\phpstudy_pro\WWW\config.php on line 86
[26-Mar-2025 23:58:51 Asia/Shanghai] PHP Notice:  Constant IN_CHAT already defined in D:\phpstudy_pro\WWW\config.php on line 86
[26-Mar-2025 23:58:51 Asia/Shanghai] PHP Notice:  Constant IN_CHAT already defined in D:\phpstudy_pro\WWW\config.php on line 86
[26-Mar-2025 23:58:57 Asia/Shanghai] PHP Warning:  file_get_contents(https://ipapi.co/::1/json/): failed to open stream: HTTP request failed! HTTP/1.1 429 Too Many Requests
 in D:\phpstudy_pro\WWW\api\update_location.php on line 65
[26-Mar-2025 23:58:57 Asia/Shanghai] PHP Notice:  Constant IN_CHAT already defined in D:\phpstudy_pro\WWW\config.php on line 86
[26-Mar-2025 23:58:57 Asia/Shanghai] PHP Notice:  Constant IN_CHAT already defined in D:\phpstudy_pro\WWW\config.php on line 86
[26-Mar-2025 23:58:59 Asia/Shanghai] PHP Notice:  Constant IN_CHAT already defined in D:\phpstudy_pro\WWW\config.php on line 86
[26-Mar-2025 23:59:02 Asia/Shanghai] PHP Notice:  Constant IN_CHAT already defined in D:\phpstudy_pro\WWW\config.php on line 86
[26-Mar-2025 23:59:05 Asia/Shanghai] PHP Notice:  Constant IN_CHAT already defined in D:\phpstudy_pro\WWW\config.php on line 86
[26-Mar-2025 23:59:05 Asia/Shanghai] PHP Notice:  Constant IN_CHAT already defined in D:\phpstudy_pro\WWW\config.php on line 86
[26-Mar-2025 23:59:08 Asia/Shanghai] PHP Notice:  Constant IN_CHAT already defined in D:\phpstudy_pro\WWW\config.php on line 86
[26-Mar-2025 23:59:11 Asia/Shanghai] PHP Notice:  Constant IN_CHAT already defined in D:\phpstudy_pro\WWW\config.php on line 86
[26-Mar-2025 23:59:14 Asia/Shanghai] PHP Notice:  Constant IN_CHAT already defined in D:\phpstudy_pro\WWW\config.php on line 86
[26-Mar-2025 23:59:17 Asia/Shanghai] PHP Notice:  Constant IN_CHAT already defined in D:\phpstudy_pro\WWW\config.php on line 86
[26-Mar-2025 23:59:20 Asia/Shanghai] PHP Notice:  Constant IN_CHAT already defined in D:\phpstudy_pro\WWW\config.php on line 86
[26-Mar-2025 23:59:20 Asia/Shanghai] PHP Notice:  Constant IN_CHAT already defined in D:\phpstudy_pro\WWW\config.php on line 86
[26-Mar-2025 23:59:23 Asia/Shanghai] PHP Notice:  Constant IN_CHAT already defined in D:\phpstudy_pro\WWW\config.php on line 86
[26-Mar-2025 23:59:26 Asia/Shanghai] PHP Notice:  Constant IN_CHAT already defined in D:\phpstudy_pro\WWW\config.php on line 86
[26-Mar-2025 23:59:29 Asia/Shanghai] PHP Notice:  Constant IN_CHAT already defined in D:\phpstudy_pro\WWW\config.php on line 86
[26-Mar-2025 23:59:32 Asia/Shanghai] PHP Notice:  Constant IN_CHAT already defined in D:\phpstudy_pro\WWW\config.php on line 86
[26-Mar-2025 23:59:34 Asia/Shanghai] PHP Notice:  Constant IN_CHAT already defined in D:\phpstudy_pro\WWW\config.php on line 86
[26-Mar-2025 23:59:34 Asia/Shanghai] PHP Notice:  Constant IN_CHAT already defined in D:\phpstudy_pro\WWW\config.php on line 86
[26-Mar-2025 23:59:35 Asia/Shanghai] PHP Notice:  Constant IN_CHAT already defined in D:\phpstudy_pro\WWW\config.php on line 86
[26-Mar-2025 23:59:35 Asia/Shanghai] PHP Notice:  Constant IN_CHAT already defined in D:\phpstudy_pro\WWW\config.php on line 86
[26-Mar-2025 23:59:38 Asia/Shanghai] PHP Notice:  Constant IN_CHAT already defined in D:\phpstudy_pro\WWW\config.php on line 86
[26-Mar-2025 23:59:41 Asia/Shanghai] PHP Notice:  Constant IN_CHAT already defined in D:\phpstudy_pro\WWW\config.php on line 86
[26-Mar-2025 23:59:44 Asia/Shanghai] PHP Notice:  Constant IN_CHAT already defined in D:\phpstudy_pro\WWW\config.php on line 86
[26-Mar-2025 23:59:44 Asia/Shanghai] PHP Notice:  Constant IN_CHAT already defined in D:\phpstudy_pro\WWW\config.php on line 86
[26-Mar-2025 23:59:44 Asia/Shanghai] PHP Notice:  Constant IN_CHAT already defined in D:\phpstudy_pro\WWW\config.php on line 86
[26-Mar-2025 23:59:45 Asia/Shanghai] PHP Notice:  Constant IN_CHAT already defined in D:\phpstudy_pro\WWW\config.php on line 86
[26-Mar-2025 23:59:45 Asia/Shanghai] PHP Notice:  Constant IN_CHAT already defined in D:\phpstudy_pro\WWW\config.php on line 86
[26-Mar-2025 23:59:46 Asia/Shanghai] PHP Notice:  Constant IN_CHAT already defined in D:\phpstudy_pro\WWW\config.php on line 86
[26-Mar-2025 23:59:47 Asia/Shanghai] PHP Notice:  Constant IN_CHAT already defined in D:\phpstudy_pro\WWW\config.php on line 86
[26-Mar-2025 23:59:48 Asia/Shanghai] PHP Warning:  file_get_contents(https://ipapi.co/::1/json/): failed to open stream: HTTP request failed! HTTP/1.1 429 Too Many Requests
 in D:\phpstudy_pro\WWW\api\update_location.php on line 65
[26-Mar-2025 23:59:48 Asia/Shanghai] PHP Notice:  Constant IN_CHAT already defined in D:\phpstudy_pro\WWW\config.php on line 86
[26-Mar-2025 23:59:50 Asia/Shanghai] PHP Notice:  Constant IN_CHAT already defined in D:\phpstudy_pro\WWW\config.php on line 86
[26-Mar-2025 23:59:50 Asia/Shanghai] PHP Notice:  Constant IN_CHAT already defined in D:\phpstudy_pro\WWW\config.php on line 86
[26-Mar-2025 23:59:51 Asia/Shanghai] PHP Notice:  Constant IN_CHAT already defined in D:\phpstudy_pro\WWW\config.php on line 86
[26-Mar-2025 23:59:51 Asia/Shanghai] PHP Notice:  Constant IN_CHAT already defined in D:\phpstudy_pro\WWW\config.php on line 86
[26-Mar-2025 23:59:53 Asia/Shanghai] PHP Notice:  Constant IN_CHAT already defined in D:\phpstudy_pro\WWW\config.php on line 86
[26-Mar-2025 23:59:54 Asia/Shanghai] PHP Notice:  Constant IN_CHAT already defined in D:\phpstudy_pro\WWW\config.php on line 86
[26-Mar-2025 23:59:56 Asia/Shanghai] PHP Notice:  Constant IN_CHAT already defined in D:\phpstudy_pro\WWW\config.php on line 86
[26-Mar-2025 23:59:57 Asia/Shanghai] PHP Notice:  Constant IN_CHAT already defined in D:\phpstudy_pro\WWW\config.php on line 86
[26-Mar-2025 23:59:57 Asia/Shanghai] PHP Notice:  Constant IN_CHAT already defined in D:\phpstudy_pro\WWW\config.php on line 86
[26-Mar-2025 23:59:59 Asia/Shanghai] PHP Notice:  Constant IN_CHAT already defined in D:\phpstudy_pro\WWW\config.php on line 86
[27-Mar-2025 00:00:00 Asia/Shanghai] PHP Notice:  Constant IN_CHAT already defined in D:\phpstudy_pro\WWW\config.php on line 86
[27-Mar-2025 00:00:00 Asia/Shanghai] PHP Notice:  Constant IN_CHAT already defined in D:\phpstudy_pro\WWW\config.php on line 86
[27-Mar-2025 00:00:00 Asia/Shanghai] PHP Notice:  Constant IN_CHAT already defined in D:\phpstudy_pro\WWW\config.php on line 86
[27-Mar-2025 00:00:02 Asia/Shanghai] PHP Notice:  Constant IN_CHAT already defined in D:\phpstudy_pro\WWW\config.php on line 86
[27-Mar-2025 00:00:03 Asia/Shanghai] PHP Notice:  Constant IN_CHAT already defined in D:\phpstudy_pro\WWW\config.php on line 86
[27-Mar-2025 00:00:05 Asia/Shanghai] PHP Notice:  Constant IN_CHAT already defined in D:\phpstudy_pro\WWW\config.php on line 86
[27-Mar-2025 00:00:05 Asia/Shanghai] PHP Notice:  Constant IN_CHAT already defined in D:\phpstudy_pro\WWW\config.php on line 86
[27-Mar-2025 00:00:06 Asia/Shanghai] PHP Notice:  Constant IN_CHAT already defined in D:\phpstudy_pro\WWW\config.php on line 86
[27-Mar-2025 00:00:08 Asia/Shanghai] PHP Notice:  Constant IN_CHAT already defined in D:\phpstudy_pro\WWW\config.php on line 86
[27-Mar-2025 00:00:09 Asia/Shanghai] PHP Notice:  Constant IN_CHAT already defined in D:\phpstudy_pro\WWW\config.php on line 86
[27-Mar-2025 00:00:11 Asia/Shanghai] PHP Notice:  Constant IN_CHAT already defined in D:\phpstudy_pro\WWW\config.php on line 86
[27-Mar-2025 00:00:12 Asia/Shanghai] PHP Notice:  Constant IN_CHAT already defined in D:\phpstudy_pro\WWW\config.php on line 86
[27-Mar-2025 00:00:14 Asia/Shanghai] PHP Notice:  Constant IN_CHAT already defined in D:\phpstudy_pro\WWW\config.php on line 86
[27-Mar-2025 00:00:15 Asia/Shanghai] PHP Notice:  Constant IN_CHAT already defined in D:\phpstudy_pro\WWW\config.php on line 86
[27-Mar-2025 00:00:15 Asia/Shanghai] PHP Notice:  Constant IN_CHAT already defined in D:\phpstudy_pro\WWW\config.php on line 86
[27-Mar-2025 00:00:17 Asia/Shanghai] PHP Notice:  Constant IN_CHAT already defined in D:\phpstudy_pro\WWW\config.php on line 86
[27-Mar-2025 00:00:18 Asia/Shanghai] PHP Notice:  Constant IN_CHAT already defined in D:\phpstudy_pro\WWW\config.php on line 86
[27-Mar-2025 00:00:20 Asia/Shanghai] PHP Notice:  Constant IN_CHAT already defined in D:\phpstudy_pro\WWW\config.php on line 86
[27-Mar-2025 00:00:20 Asia/Shanghai] PHP Notice:  Constant IN_CHAT already defined in D:\phpstudy_pro\WWW\config.php on line 86
[27-Mar-2025 00:00:21 Asia/Shanghai] PHP Notice:  Constant IN_CHAT already defined in D:\phpstudy_pro\WWW\config.php on line 86
[27-Mar-2025 00:00:21 Asia/Shanghai] PHP Notice:  Constant IN_CHAT already defined in D:\phpstudy_pro\WWW\config.php on line 86
[27-Mar-2025 00:00:21 Asia/Shanghai] Trying to send message: hello
[27-Mar-2025 00:00:21 Asia/Shanghai] PHP Notice:  Constant IN_CHAT already defined in D:\phpstudy_pro\WWW\config.php on line 86
[27-Mar-2025 00:00:23 Asia/Shanghai] PHP Notice:  Constant IN_CHAT already defined in D:\phpstudy_pro\WWW\config.php on line 86
[27-Mar-2025 00:00:24 Asia/Shanghai] PHP Notice:  Constant IN_CHAT already defined in D:\phpstudy_pro\WWW\config.php on line 86
[27-Mar-2025 00:00:26 Asia/Shanghai] PHP Notice:  Constant IN_CHAT already defined in D:\phpstudy_pro\WWW\config.php on line 86
[27-Mar-2025 00:00:27 Asia/Shanghai] PHP Notice:  Constant IN_CHAT already defined in D:\phpstudy_pro\WWW\config.php on line 86
[27-Mar-2025 00:00:29 Asia/Shanghai] PHP Notice:  Constant IN_CHAT already defined in D:\phpstudy_pro\WWW\config.php on line 86
[27-Mar-2025 00:00:30 Asia/Shanghai] PHP Notice:  Constant IN_CHAT already defined in D:\phpstudy_pro\WWW\config.php on line 86
[27-Mar-2025 00:00:30 Asia/Shanghai] PHP Notice:  Constant IN_CHAT already defined in D:\phpstudy_pro\WWW\config.php on line 86
[27-Mar-2025 00:00:32 Asia/Shanghai] PHP Notice:  Constant IN_CHAT already defined in D:\phpstudy_pro\WWW\config.php on line 86
[27-Mar-2025 00:00:32 Asia/Shanghai] PHP Notice:  Constant IN_CHAT already defined in D:\phpstudy_pro\WWW\config.php on line 86
[27-Mar-2025 00:00:32 Asia/Shanghai] PHP Notice:  Constant IN_CHAT already defined in D:\phpstudy_pro\WWW\config.php on line 86
[27-Mar-2025 00:00:33 Asia/Shanghai] PHP Notice:  Constant IN_CHAT already defined in D:\phpstudy_pro\WWW\config.php on line 86
[27-Mar-2025 00:00:34 Asia/Shanghai] PHP Notice:  Constant IN_CHAT already defined in D:\phpstudy_pro\WWW\config.php on line 86
[27-Mar-2025 00:00:36 Asia/Shanghai] PHP Notice:  Constant IN_CHAT already defined in D:\phpstudy_pro\WWW\config.php on line 86
[27-Mar-2025 00:00:39 Asia/Shanghai] PHP Notice:  Constant IN_CHAT already defined in D:\phpstudy_pro\WWW\config.php on line 86
[27-Mar-2025 00:00:42 Asia/Shanghai] PHP Notice:  Constant IN_CHAT already defined in D:\phpstudy_pro\WWW\config.php on line 86
[27-Mar-2025 00:00:45 Asia/Shanghai] PHP Notice:  Constant IN_CHAT already defined in D:\phpstudy_pro\WWW\config.php on line 86
[27-Mar-2025 00:00:45 Asia/Shanghai] PHP Notice:  Constant IN_CHAT already defined in D:\phpstudy_pro\WWW\config.php on line 86
[27-Mar-2025 00:00:46 Asia/Shanghai] PHP Notice:  Constant IN_CHAT already defined in D:\phpstudy_pro\WWW\config.php on line 86
[27-Mar-2025 00:00:46 Asia/Shanghai] PHP Notice:  Constant IN_CHAT already defined in D:\phpstudy_pro\WWW\config.php on line 86
[27-Mar-2025 00:00:46 Asia/Shanghai] PHP Notice:  Constant IN_CHAT already defined in D:\phpstudy_pro\WWW\config.php on line 86
[27-Mar-2025 00:00:48 Asia/Shanghai] PHP Notice:  Constant IN_CHAT already defined in D:\phpstudy_pro\WWW\config.php on line 86
[27-Mar-2025 00:00:48 Asia/Shanghai] PHP Notice:  Constant IN_CHAT already defined in D:\phpstudy_pro\WWW\config.php on line 86
[27-Mar-2025 00:00:48 Asia/Shanghai] PHP Notice:  Constant IN_CHAT already defined in D:\phpstudy_pro\WWW\config.php on line 86
[27-Mar-2025 00:00:48 Asia/Shanghai] PHP Notice:  Constant IN_CHAT already defined in D:\phpstudy_pro\WWW\config.php on line 86
[27-Mar-2025 00:00:48 Asia/Shanghai] PHP Notice:  Constant IN_CHAT already defined in D:\phpstudy_pro\WWW\config.php on line 86
[27-Mar-2025 00:00:49 Asia/Shanghai] PHP Notice:  Constant IN_CHAT already defined in D:\phpstudy_pro\WWW\config.php on line 86
[27-Mar-2025 00:00:51 Asia/Shanghai] PHP Warning:  file_get_contents(https://ipapi.co/::1/json/): failed to open stream: HTTP request failed! HTTP/1.1 429 Too Many Requests
 in D:\phpstudy_pro\WWW\api\update_location.php on line 65
[27-Mar-2025 00:00:51 Asia/Shanghai] PHP Notice:  Constant IN_CHAT already defined in D:\phpstudy_pro\WWW\config.php on line 86
[27-Mar-2025 00:00:51 Asia/Shanghai] PHP Notice:  Constant IN_CHAT already defined in D:\phpstudy_pro\WWW\config.php on line 86
[27-Mar-2025 00:00:52 Asia/Shanghai] PHP Notice:  Constant IN_CHAT already defined in D:\phpstudy_pro\WWW\config.php on line 86
[27-Mar-2025 00:00:52 Asia/Shanghai] Trying to send message: hi
[27-Mar-2025 00:00:52 Asia/Shanghai] PHP Notice:  Constant IN_CHAT already defined in D:\phpstudy_pro\WWW\config.php on line 86
[27-Mar-2025 00:00:54 Asia/Shanghai] PHP Notice:  Constant IN_CHAT already defined in D:\phpstudy_pro\WWW\config.php on line 86
[27-Mar-2025 00:00:54 Asia/Shanghai] PHP Notice:  Constant IN_CHAT already defined in D:\phpstudy_pro\WWW\config.php on line 86
[27-Mar-2025 00:00:57 Asia/Shanghai] PHP Notice:  Constant IN_CHAT already defined in D:\phpstudy_pro\WWW\config.php on line 86
[27-Mar-2025 00:00:57 Asia/Shanghai] PHP Notice:  Constant IN_CHAT already defined in D:\phpstudy_pro\WWW\config.php on line 86
[27-Mar-2025 00:01:00 Asia/Shanghai] PHP Notice:  Constant IN_CHAT already defined in D:\phpstudy_pro\WWW\config.php on line 86
[27-Mar-2025 00:01:00 Asia/Shanghai] PHP Notice:  Constant IN_CHAT already defined in D:\phpstudy_pro\WWW\config.php on line 86
[27-Mar-2025 00:01:00 Asia/Shanghai] PHP Notice:  Constant IN_CHAT already defined in D:\phpstudy_pro\WWW\config.php on line 86
[27-Mar-2025 00:01:01 Asia/Shanghai] PHP Notice:  Constant IN_CHAT already defined in D:\phpstudy_pro\WWW\config.php on line 86
[27-Mar-2025 00:01:03 Asia/Shanghai] PHP Notice:  Constant IN_CHAT already defined in D:\phpstudy_pro\WWW\config.php on line 86
[27-Mar-2025 00:01:03 Asia/Shanghai] PHP Notice:  Constant IN_CHAT already defined in D:\phpstudy_pro\WWW\config.php on line 86
[27-Mar-2025 00:01:03 Asia/Shanghai] PHP Notice:  Constant IN_CHAT already defined in D:\phpstudy_pro\WWW\config.php on line 86
[27-Mar-2025 00:01:06 Asia/Shanghai] PHP Notice:  Constant IN_CHAT already defined in D:\phpstudy_pro\WWW\config.php on line 86
[27-Mar-2025 00:01:06 Asia/Shanghai] PHP Notice:  Constant IN_CHAT already defined in D:\phpstudy_pro\WWW\config.php on line 86
[27-Mar-2025 00:01:09 Asia/Shanghai] PHP Notice:  Constant IN_CHAT already defined in D:\phpstudy_pro\WWW\config.php on line 86
[27-Mar-2025 00:01:09 Asia/Shanghai] PHP Notice:  Constant IN_CHAT already defined in D:\phpstudy_pro\WWW\config.php on line 86
[27-Mar-2025 00:01:12 Asia/Shanghai] PHP Notice:  Constant IN_CHAT already defined in D:\phpstudy_pro\WWW\config.php on line 86
[27-Mar-2025 00:01:12 Asia/Shanghai] PHP Notice:  Constant IN_CHAT already defined in D:\phpstudy_pro\WWW\config.php on line 86
[27-Mar-2025 00:01:15 Asia/Shanghai] PHP Notice:  Constant IN_CHAT already defined in D:\phpstudy_pro\WWW\config.php on line 86
[27-Mar-2025 00:01:15 Asia/Shanghai] PHP Notice:  Constant IN_CHAT already defined in D:\phpstudy_pro\WWW\config.php on line 86
[27-Mar-2025 00:01:15 Asia/Shanghai] PHP Notice:  Constant IN_CHAT already defined in D:\phpstudy_pro\WWW\config.php on line 86
[27-Mar-2025 00:01:15 Asia/Shanghai] PHP Notice:  Constant IN_CHAT already defined in D:\phpstudy_pro\WWW\config.php on line 86
[27-Mar-2025 00:01:17 Asia/Shanghai] PHP Notice:  Constant IN_CHAT already defined in D:\phpstudy_pro\WWW\config.php on line 86
[27-Mar-2025 00:01:18 Asia/Shanghai] PHP Notice:  Constant IN_CHAT already defined in D:\phpstudy_pro\WWW\config.php on line 86
[27-Mar-2025 00:01:18 Asia/Shanghai] PHP Notice:  Constant IN_CHAT already defined in D:\phpstudy_pro\WWW\config.php on line 86
[27-Mar-2025 00:01:20 Asia/Shanghai] PHP Notice:  Constant IN_CHAT already defined in D:\phpstudy_pro\WWW\config.php on line 86
[27-Mar-2025 00:01:21 Asia/Shanghai] PHP Notice:  Constant IN_CHAT already defined in D:\phpstudy_pro\WWW\config.php on line 86
[27-Mar-2025 00:01:24 Asia/Shanghai] PHP Notice:  Constant IN_CHAT already defined in D:\phpstudy_pro\WWW\config.php on line 86
[27-Mar-2025 00:01:25 Asia/Shanghai] PHP Notice:  Constant IN_CHAT already defined in D:\phpstudy_pro\WWW\config.php on line 86
[27-Mar-2025 00:01:27 Asia/Shanghai] PHP Notice:  Constant IN_CHAT already defined in D:\phpstudy_pro\WWW\config.php on line 86
[27-Mar-2025 00:01:30 Asia/Shanghai] PHP Notice:  Constant IN_CHAT already defined in D:\phpstudy_pro\WWW\config.php on line 86
[27-Mar-2025 00:01:30 Asia/Shanghai] PHP Notice:  Constant IN_CHAT already defined in D:\phpstudy_pro\WWW\config.php on line 86
[27-Mar-2025 00:01:33 Asia/Shanghai] PHP Notice:  Constant IN_CHAT already defined in D:\phpstudy_pro\WWW\config.php on line 86
[27-Mar-2025 00:01:33 Asia/Shanghai] PHP Notice:  Constant IN_CHAT already defined in D:\phpstudy_pro\WWW\config.php on line 86
[27-Mar-2025 00:01:36 Asia/Shanghai] PHP Notice:  Constant IN_CHAT already defined in D:\phpstudy_pro\WWW\config.php on line 86
[27-Mar-2025 00:01:39 Asia/Shanghai] PHP Notice:  Constant IN_CHAT already defined in D:\phpstudy_pro\WWW\config.php on line 86
[27-Mar-2025 00:01:39 Asia/Shanghai] PHP Notice:  Constant IN_CHAT already defined in D:\phpstudy_pro\WWW\config.php on line 86
[27-Mar-2025 00:01:42 Asia/Shanghai] PHP Notice:  Constant IN_CHAT already defined in D:\phpstudy_pro\WWW\config.php on line 86
[27-Mar-2025 00:01:45 Asia/Shanghai] PHP Notice:  Constant IN_CHAT already defined in D:\phpstudy_pro\WWW\config.php on line 86
[27-Mar-2025 00:01:47 Asia/Shanghai] PHP Notice:  Constant IN_CHAT already defined in D:\phpstudy_pro\WWW\config.php on line 86
[27-Mar-2025 00:01:48 Asia/Shanghai] PHP Notice:  Constant IN_CHAT already defined in D:\phpstudy_pro\WWW\config.php on line 86
[27-Mar-2025 00:01:48 Asia/Shanghai] PHP Notice:  Constant IN_CHAT already defined in D:\phpstudy_pro\WWW\config.php on line 86
[27-Mar-2025 00:01:49 Asia/Shanghai] PHP Notice:  Constant IN_CHAT already defined in D:\phpstudy_pro\WWW\config.php on line 86
[27-Mar-2025 00:01:51 Asia/Shanghai] PHP Warning:  file_get_contents(https://ipapi.co/::1/json/): failed to open stream: HTTP request failed! HTTP/1.1 429 Too Many Requests
 in D:\phpstudy_pro\WWW\api\update_location.php on line 65
[27-Mar-2025 00:01:51 Asia/Shanghai] PHP Notice:  Constant IN_CHAT already defined in D:\phpstudy_pro\WWW\config.php on line 86
[27-Mar-2025 00:01:53 Asia/Shanghai] PHP Notice:  Constant IN_CHAT already defined in D:\phpstudy_pro\WWW\config.php on line 86
[27-Mar-2025 00:01:53 Asia/Shanghai] Trying to send message: 123
[27-Mar-2025 00:01:53 Asia/Shanghai] PHP Notice:  Constant IN_CHAT already defined in D:\phpstudy_pro\WWW\config.php on line 86
[27-Mar-2025 00:01:54 Asia/Shanghai] PHP Notice:  Constant IN_CHAT already defined in D:\phpstudy_pro\WWW\config.php on line 86
[27-Mar-2025 00:01:56 Asia/Shanghai] PHP Notice:  Constant IN_CHAT already defined in D:\phpstudy_pro\WWW\config.php on line 86
[27-Mar-2025 00:01:56 Asia/Shanghai] PHP Notice:  Constant IN_CHAT already defined in D:\phpstudy_pro\WWW\config.php on line 86
[27-Mar-2025 00:01:56 Asia/Shanghai] PHP Notice:  Constant IN_CHAT already defined in D:\phpstudy_pro\WWW\config.php on line 86
[27-Mar-2025 00:01:57 Asia/Shanghai] PHP Notice:  Constant IN_CHAT already defined in D:\phpstudy_pro\WWW\config.php on line 86
[27-Mar-2025 00:01:59 Asia/Shanghai] PHP Warning:  file_get_contents(https://ipapi.co/::1/json/): failed to open stream: HTTP request failed! HTTP/1.1 429 Too Many Requests
 in D:\phpstudy_pro\WWW\api\update_location.php on line 65
[27-Mar-2025 00:01:59 Asia/Shanghai] PHP Notice:  Constant IN_CHAT already defined in D:\phpstudy_pro\WWW\config.php on line 86
[27-Mar-2025 00:02:00 Asia/Shanghai] PHP Notice:  Constant IN_CHAT already defined in D:\phpstudy_pro\WWW\config.php on line 86
[27-Mar-2025 00:02:00 Asia/Shanghai] PHP Notice:  Constant IN_CHAT already defined in D:\phpstudy_pro\WWW\config.php on line 86
[27-Mar-2025 00:02:02 Asia/Shanghai] PHP Notice:  Constant IN_CHAT already defined in D:\phpstudy_pro\WWW\config.php on line 86
[27-Mar-2025 00:02:02 Asia/Shanghai] PHP Notice:  Constant IN_CHAT already defined in D:\phpstudy_pro\WWW\config.php on line 86
[27-Mar-2025 00:02:05 Asia/Shanghai] PHP Notice:  Constant IN_CHAT already defined in D:\phpstudy_pro\WWW\config.php on line 86
[27-Mar-2025 00:02:08 Asia/Shanghai] PHP Notice:  Constant IN_CHAT already defined in D:\phpstudy_pro\WWW\config.php on line 86
[27-Mar-2025 00:02:10 Asia/Shanghai] PHP Notice:  Constant IN_CHAT already defined in D:\phpstudy_pro\WWW\config.php on line 86
[27-Mar-2025 00:02:11 Asia/Shanghai] PHP Notice:  Constant IN_CHAT already defined in D:\phpstudy_pro\WWW\config.php on line 86
[27-Mar-2025 00:02:11 Asia/Shanghai] PHP Notice:  Constant IN_CHAT already defined in D:\phpstudy_pro\WWW\config.php on line 86
[27-Mar-2025 00:02:14 Asia/Shanghai] PHP Notice:  Constant IN_CHAT already defined in D:\phpstudy_pro\WWW\config.php on line 86
[27-Mar-2025 00:02:18 Asia/Shanghai] PHP Notice:  Constant IN_CHAT already defined in D:\phpstudy_pro\WWW\config.php on line 86
[27-Mar-2025 00:02:21 Asia/Shanghai] PHP Notice:  Constant IN_CHAT already defined in D:\phpstudy_pro\WWW\config.php on line 86
[27-Mar-2025 00:02:24 Asia/Shanghai] PHP Notice:  Constant IN_CHAT already defined in D:\phpstudy_pro\WWW\config.php on line 86
[27-Mar-2025 00:02:27 Asia/Shanghai] PHP Notice:  Constant IN_CHAT already defined in D:\phpstudy_pro\WWW\config.php on line 86
[27-Mar-2025 00:02:27 Asia/Shanghai] PHP Notice:  Constant IN_CHAT already defined in D:\phpstudy_pro\WWW\config.php on line 86
[27-Mar-2025 00:02:30 Asia/Shanghai] PHP Notice:  Constant IN_CHAT already defined in D:\phpstudy_pro\WWW\config.php on line 86
[27-Mar-2025 00:02:33 Asia/Shanghai] PHP Notice:  Constant IN_CHAT already defined in D:\phpstudy_pro\WWW\config.php on line 86
[27-Mar-2025 00:02:36 Asia/Shanghai] PHP Notice:  Constant IN_CHAT already defined in D:\phpstudy_pro\WWW\config.php on line 86
[27-Mar-2025 00:02:38 Asia/Shanghai] PHP Notice:  Constant IN_CHAT already defined in D:\phpstudy_pro\WWW\config.php on line 86
[27-Mar-2025 00:02:42 Asia/Shanghai] PHP Notice:  Constant IN_CHAT already defined in D:\phpstudy_pro\WWW\config.php on line 86
[27-Mar-2025 00:02:42 Asia/Shanghai] PHP Notice:  Constant IN_CHAT already defined in D:\phpstudy_pro\WWW\config.php on line 86
[27-Mar-2025 00:02:45 Asia/Shanghai] PHP Notice:  Constant IN_CHAT already defined in D:\phpstudy_pro\WWW\config.php on line 86
[27-Mar-2025 00:02:48 Asia/Shanghai] PHP Notice:  Constant IN_CHAT already defined in D:\phpstudy_pro\WWW\config.php on line 86
[27-Mar-2025 00:02:51 Asia/Shanghai] PHP Notice:  Constant IN_CHAT already defined in D:\phpstudy_pro\WWW\config.php on line 86
[27-Mar-2025 00:02:54 Asia/Shanghai] PHP Notice:  Constant IN_CHAT already defined in D:\phpstudy_pro\WWW\config.php on line 86
[27-Mar-2025 00:02:57 Asia/Shanghai] PHP Notice:  Constant IN_CHAT already defined in D:\phpstudy_pro\WWW\config.php on line 86
[27-Mar-2025 00:02:57 Asia/Shanghai] PHP Notice:  Constant IN_CHAT already defined in D:\phpstudy_pro\WWW\config.php on line 86
[27-Mar-2025 00:02:58 Asia/Shanghai] PHP Notice:  Constant IN_CHAT already defined in D:\phpstudy_pro\WWW\config.php on line 86
[27-Mar-2025 00:03:00 Asia/Shanghai] PHP Notice:  Constant IN_CHAT already defined in D:\phpstudy_pro\WWW\config.php on line 86
[27-Mar-2025 00:03:03 Asia/Shanghai] PHP Notice:  Constant IN_CHAT already defined in D:\phpstudy_pro\WWW\config.php on line 86
[27-Mar-2025 00:03:06 Asia/Shanghai] PHP Notice:  Constant IN_CHAT already defined in D:\phpstudy_pro\WWW\config.php on line 86
[27-Mar-2025 00:03:09 Asia/Shanghai] PHP Notice:  Constant IN_CHAT already defined in D:\phpstudy_pro\WWW\config.php on line 86
[27-Mar-2025 00:03:12 Asia/Shanghai] PHP Notice:  Constant IN_CHAT already defined in D:\phpstudy_pro\WWW\config.php on line 86
[27-Mar-2025 00:03:12 Asia/Shanghai] PHP Notice:  Constant IN_CHAT already defined in D:\phpstudy_pro\WWW\config.php on line 86
[27-Mar-2025 00:03:47 Asia/Shanghai] PHP Notice:  Constant IN_CHAT already defined in D:\phpstudy_pro\WWW\config.php on line 86
[27-Mar-2025 00:03:47 Asia/Shanghai] PHP Notice:  Constant IN_CHAT already defined in D:\phpstudy_pro\WWW\config.php on line 86
[27-Mar-2025 00:03:57 Asia/Shanghai] PHP Notice:  Constant IN_CHAT already defined in D:\phpstudy_pro\WWW\config.php on line 86
[27-Mar-2025 00:04:47 Asia/Shanghai] PHP Notice:  Constant IN_CHAT already defined in D:\phpstudy_pro\WWW\config.php on line 86
[27-Mar-2025 00:04:47 Asia/Shanghai] PHP Notice:  Constant IN_CHAT already defined in D:\phpstudy_pro\WWW\config.php on line 86
[27-Mar-2025 00:04:57 Asia/Shanghai] PHP Notice:  Constant IN_CHAT already defined in D:\phpstudy_pro\WWW\config.php on line 86
[27-Mar-2025 00:05:47 Asia/Shanghai] PHP Notice:  Constant IN_CHAT already defined in D:\phpstudy_pro\WWW\config.php on line 86
[27-Mar-2025 00:05:47 Asia/Shanghai] PHP Notice:  Constant IN_CHAT already defined in D:\phpstudy_pro\WWW\config.php on line 86
[27-Mar-2025 00:06:47 Asia/Shanghai] PHP Notice:  Constant IN_CHAT already defined in D:\phpstudy_pro\WWW\config.php on line 86
[27-Mar-2025 00:06:47 Asia/Shanghai] PHP Notice:  Constant IN_CHAT already defined in D:\phpstudy_pro\WWW\config.php on line 86
[27-Mar-2025 00:06:48 Asia/Shanghai] PHP Notice:  Constant IN_CHAT already defined in D:\phpstudy_pro\WWW\config.php on line 86
[27-Mar-2025 00:07:47 Asia/Shanghai] PHP Notice:  Constant IN_CHAT already defined in D:\phpstudy_pro\WWW\config.php on line 86
[27-Mar-2025 00:07:47 Asia/Shanghai] PHP Notice:  Constant IN_CHAT already defined in D:\phpstudy_pro\WWW\config.php on line 86
[27-Mar-2025 00:07:48 Asia/Shanghai] PHP Notice:  Constant IN_CHAT already defined in D:\phpstudy_pro\WWW\config.php on line 86
[27-Mar-2025 00:08:47 Asia/Shanghai] PHP Notice:  Constant IN_CHAT already defined in D:\phpstudy_pro\WWW\config.php on line 86
[27-Mar-2025 00:08:47 Asia/Shanghai] PHP Notice:  Constant IN_CHAT already defined in D:\phpstudy_pro\WWW\config.php on line 86
[27-Mar-2025 00:08:48 Asia/Shanghai] PHP Notice:  Constant IN_CHAT already defined in D:\phpstudy_pro\WWW\config.php on line 86
[27-Mar-2025 00:09:47 Asia/Shanghai] PHP Notice:  Constant IN_CHAT already defined in D:\phpstudy_pro\WWW\config.php on line 86
[27-Mar-2025 00:09:47 Asia/Shanghai] PHP Notice:  Constant IN_CHAT already defined in D:\phpstudy_pro\WWW\config.php on line 86
[27-Mar-2025 00:09:48 Asia/Shanghai] PHP Notice:  Constant IN_CHAT already defined in D:\phpstudy_pro\WWW\config.php on line 86
[27-Mar-2025 00:10:47 Asia/Shanghai] PHP Notice:  Constant IN_CHAT already defined in D:\phpstudy_pro\WWW\config.php on line 86
[27-Mar-2025 00:10:47 Asia/Shanghai] PHP Notice:  Constant IN_CHAT already defined in D:\phpstudy_pro\WWW\config.php on line 86
[27-Mar-2025 00:10:48 Asia/Shanghai] PHP Notice:  Constant IN_CHAT already defined in D:\phpstudy_pro\WWW\config.php on line 86
